// Vitest Snapshot v1, https://vitest.dev/guide/snapshot.html

exports[`Component1 > render Component1 1`] = `
<div>
  <div
    class="sc-bdnyFh jpRFIU"
  >
    label
  </div>
</div>
`;
