// Jest Snapshot v1, https://goo.gl/fbAQLP

exports[`<GlobalStyle /> Should render correctly 1`] = `<div />`;
